// Jest Snapshot v1, https://goo.gl/fbAQLP

exports[`BitMath #leastSignificantBit gas cost of max uint128 1`] = `73067`;

exports[`BitMath #leastSignificantBit gas cost of max uint256 1`] = `72955`;

exports[`BitMath #leastSignificantBit gas cost of smaller number 1`] = `74847`;

exports[`BitMath #mostSignificantBit gas cost of max uint128 1`] = `84171`;

exports[`BitMath #mostSignificantBit gas cost of max uint256 1`] = `88359`;

exports[`BitMath #mostSignificantBit gas cost of smaller number 1`] = `65007`;
