// Jest Snapshot v1, https://goo.gl/fbAQLP

exports[`LiquidityMath #addDelta gas add 1`] = `41944`;

exports[`LiquidityMath #addDelta gas sub 1`] = `43488`;
